*$TRACE = <IsEqual e.x>

$ENTRY Go {(e.x)e.i
 = <LogAnd <Cont_ab e.i><IsEqual (e.i)(<Repl_a_v <Repl_a_v e.x>>)>>;
}

IsEqual {
    (s.1 e.X1)(s.1 e.X2) = <IsEqual (e.X1)(e.X2)>;
    ( )( ) = True;
    (e.X)(e.Y) = False;
}

LogAnd {
    e.X False e.Y = False;
    e.Z = True;
}

Repl_a_v {
    e.X 'ab' e.Y = e.X 'ba'<Repl_a_v e.Y>;
    e.Z = e.Z;
}

NCont_ba {
    e.X 'baa' e.Y = False;
    e.Z = True;
}

Cont_ab {
    e.X 'fabac' e.Y = True;
    e.Z = False;
}
