$ENTRY Go {
  e.Word =  <NextFibWord ( ) e.Word>;
}

NextFibWord {
    (e.Fib) = True;
    (e.Fib)'A'e.ToProcess = <TestBB (e.Fib'BA')e.ToProcess>;
    (e.Fib)'B'e.ToProcess = <TestBB (e.Fib'A')e.ToProcess>;
}

TestBB {
   (e.Prefix 'BB' s.LastLetter) e.Suffix = False;
   (e.Prefix 'BB')e.Suffix = False;
   (e.Prefix)e.Suffix = <NextFibWord (e.Prefix)e.Suffix>;
}